Operating system: Linux
                  0.0.0 Linux 5.14.0-427.28.1.el9_4.x86_64 #1 SMP PREEMPT_DYNAMIC Fri Aug 2 03:44:10 EDT 2024 x86_64
CPU: amd64
     family 6 model 45 stepping 7
     32 CPUs

GPU: UNKNOWN

Crash reason:  DUMP_REQUESTED
Crash address: 0x7f657f70f406
Process uptime: not available

Thread 0 (crashed)
 0  libcbreakpad.so + 0x36406
    rax = 0x0000000000000000   rdx = 0x0000000000000000
    rcx = 0x00007f657f70dcb2   rbx = 0x00007f6571b6e6d0
    rsi = 0x0000000000000001   rdi = 0x00007f6571b6e058
    rbp = 0x00007f6571b6e610   rsp = 0x00007f6571b6dfc0
     r8 = 0x0000000000000000    r9 = 0x0000000000000000
    r10 = 0x0000000046f09109   r11 = 0x00007f6571b6e0e4
    r12 = 0x000000000000001e   r13 = 0x00007f6571b6f8d8
    r14 = 0x00007f6571b6e650   r15 = 0x0000000000000000
    rip = 0x00007f657f70f406
    Found by: given as instruction pointer in context
 1  libcbreakpad.so + 0x34672
    rbp = 0x00007f6571b6e760   rsp = 0x00007f6571b6e620
    rip = 0x00007f657f70d672
    Found by: previous frame's frame pointer
 2  xmsim + 0x19a6c28
    rbp = 0x00007f6571b6f8c0   rsp = 0x00007f6571b6e770
    rip = 0x0000000001da6c28
    Found by: previous frame's frame pointer

Loaded modules:
0x00400000 - 0x02a90fff  xmsim  ???  (main)  (WARNING: No symbols, xmsim, F6652DA7DB0148CFF88457DE67BC78ED0)
0x7f6569c4e000 - 0x7f656a0aefff  libucis.so  ???
0x7f656aab7000 - 0x7f656abb6fff  waves.dsn (deleted)  ???
0x7f656c153000 - 0x7f656c19ffff  libuvmapi_sv.so  ???
0x7f656c1c1000 - 0x7f656c216fff  libuvmapi_generic.so  ???
0x7f656c23e000 - 0x7f656c244fff  gconv-modules.cache  ???
0x7f656c2d0000 - 0x7f656c2e1fff  libz_sh.so  ???
0x7f656cdb1000 - 0x7f656cdb5fff  libxdt.so  ???
0x7f656d0c0000 - 0x7f656d0d2fff  libsdi-verilog-nld.so  ???
0x7f656d0da000 - 0x7f656d0e1fff  libuvmpli.so  ???
0x7f656d0e7000 - 0x7f656d0fffff  libsdi2-sst2-nld.so  ???
0x7f656d109000 - 0x7f656d167fff  libdwapi.so  ???
0x7f656d202000 - 0x7f656d212fff  libz.so.1.2.11  ???
0x7f656d21c000 - 0x7f656e113fff  librnc.so  ???
0x7f6571305000 - 0x7f657131bfff  libml_uvm.so  ???
0x7f6571b73000 - 0x7f6571c87fff  libStrapNC.so  ???
0x7f6571d3e000 - 0x7f6571dd0fff  libdcapi.so  ???
0x7f6571e00000 - 0x7f657f32ffff  locale-archive  ???
0x7f657f334000 - 0x7f657f335fff  librt.so.1  ???
0x7f657f400000 - 0x7f657f59cfff  libc.so.6  ???
0x7f657f60b000 - 0x7f657f60dfff  libuvmdpi.so  ???
0x7f657f611000 - 0x7f657f612fff  _sv_export.so (deleted)  ???
0x7f657f640000 - 0x7f657f6cffff  libxmjudy.so.1.0.3  ???
0x7f657f6d9000 - 0x7f657f72cfff  libcbreakpad.so  ???  (WARNING: No symbols, libcbreakpad.so, 1A0F7F62185D2C02CF86A6E6B7CC82920)
0x7f657f752000 - 0x7f657f765fff  libgcc_s.so.1  ???
0x7f657f76c000 - 0x7f657f8eafff  libstdc++.so.6.0.28  ???
0x7f657f997000 - 0x7f657fa13fff  libm.so.6  ???
0x7f657fa72000 - 0x7f657fa73fff  libdl.so.2  ???
0x7f657fa77000 - 0x7f657fa78fff  libpthread.so.0  ???
0x7f657fa7c000 - 0x7f657fa82fff  libunicovdirmgr.so  ???
0x7f657fa89000 - 0x7f657fab1fff  ld-linux-x86-64.so.2  ???
0x7ffc80178000 - 0x7ffc80179fff  linux-gate.so  ???

******BACKTRACE*****
use_backtrace() (libcbreakpad.so) [0x7f657f70d1a3]
cbpad_generate_dump_on_demand (libcbreakpad.so) [0x7f657f70d630]
vserror (xmsim) [0x1da6c28]
serror (xmsim) [0x1da82fd]
sv_seghandler_aux (xmsim) [0xde3237]
sv_seghandler (xmsim) [0xde39dd]
__restore_rt (libc.so.6) [0x7f657f43ebf0]
sss_load_trg_data (xmsim) [0xe8002d]
sss_trdrv_type (xmsim) [0xe75344]
ssl_net_type (xmsim) [0xf952ac]
cov_tog_isvalid_net (xmsim) [0x171b06a]
cov_tog_dump_vlog_helper (xmsim) [0x172ca5d]
cov_tog_dump (xmsim) [0x172f24c]
cov_data_create_instance.part.0 (xmsim) [0x17732c1]
sslu_traverse_scopes (xmsim) [0x1063380]
traverseAllDut (xmsim) [0x174b859]
cov_data_dump (xmsim) [0x1775910]
cover_dump (xmsim) [0x8e4a18]
nc_prepare_to_exit (xmsim) [0x80efc4]
nc_fini0 (xmsim) [0x80f7ef]
Tcl_Exit (xmsim) [0x1606de4]
exit_command (xmsim) [0x83589a]
cmd_wrapper (xmsim) [0xcff187]
TclInvokeStringCommand (xmsim) [0x1578b8b]
TclNRRunCallbacks (xmsim) [0x157dad7]
TclEvalEx (xmsim) [0x157fd3d]
Tcl_EvalEx (xmsim) [0x15804c3]
Tcl_Eval (xmsim) [0x158050c]
cmd_tcl_run (xmsim) [0xd0387f]
xncmain (xmsim) [0x80de68]
ncmain (xmsim) [0x80c81f]
main (xmsim) [0x2999a4c]
__libc_start_call_main (libc.so.6) [0x7f657f4295d0]
__libc_start_main_impl (libc.so.6) [0x7f657f429680]
_start (xmsim) [0x726f1b]
******BACKTRACE END*****